---
source: src/tests/cases/ui.rs
expression: terminal_draw_events.lock().unwrap().join(SNAPSHOT_SECTION_SEPARATOR)
---
 Total Up / Down: 0Bps / 0Bps                                                                                                                                                                 
┌Utilization by process name──────────────────────────────────────────────────────────────────┐┌Utilization by remote address────────────────────────────────────────────────────────────────┐
│Process                     Connections                 Up / Down                            ││Remote Address                          Connections           Up / Down                      │
│                                                                                             ││                                                                                             │
│                                                                                             ││                                                                                             │
│                                                                                             ││                                                                                             │
│                                                                                             ││                                                                                             │
│                                                                                             ││                                                                                             │
│                                                                                             ││                                                                                             │
│                                                                                             ││                                                                                             │
│                                                                                             ││                                                                                             │
│                                                                                             ││                                                                                             │
│                                                                                             ││                                                                                             │
│                                                                                             ││                                                                                             │
│                                                                                             ││                                                                                             │
│                                                                                             ││                                                                                             │
│                                                                                             ││                                                                                             │
│                                                                                             ││                                                                                             │
│                                                                                             ││                                                                                             │
│                                                                                             ││                                                                                             │
│                                                                                             ││                                                                                             │
│                                                                                             ││                                                                                             │
│                                                                                             ││                                                                                             │
│                                                                                             ││                                                                                             │
└─────────────────────────────────────────────────────────────────────────────────────────────┘└─────────────────────────────────────────────────────────────────────────────────────────────┘
┌Utilization by connection───────────────────────────────────────────────────────────────────────────────────────────────────────────────────────────────────────────────────────────────────┐
│Connection                                                                                                            Process                       Up / Down                               │
│                                                                                                                                                                                            │
│                                                                                                                                                                                            │
│                                                                                                                                                                                            │
│                                                                                                                                                                                            │
│                                                                                                                                                                                            │
│                                                                                                                                                                                            │
│                                                                                                                                                                                            │
│                                                                                                                                                                                            │
│                                                                                                                                                                                            │
│                                                                                                                                                                                            │
│                                                                                                                                                                                            │
│                                                                                                                                                                                            │
│                                                                                                                                                                                            │
│                                                                                                                                                                                            │
│                                                                                                                                                                                            │
│                                                                                                                                                                                            │
│                                                                                                                                                                                            │
│                                                                                                                                                                                            │
│                                                                                                                                                                                            │
│                                                                                                                                                                                            │
│                                                                                                                                                                                            │
└────────────────────────────────────────────────────────────────────────────────────────────────────────────────────────────────────────────────────────────────────────────────────────────┘
 Press <SPACE> to pause. Use <TAB> to rearrange tables. (DNS queries hidden).                                                                                                                 

--- SECTION SEPARATOR ---
                         98Bps                                                                                                                                                                
                                                                                                                                                                                              
                                                                                                                                                                                              
 5                           1                           0Bps / 28Bps                           3.3.3.3                                 1                     0Bps / 28Bps                    
 4                           1                           0Bps / 26Bps                           2.2.2.2                                 1                     0Bps / 26Bps                    
 1                           1                           0Bps / 22Bps                           1.1.1.1                                 1                     0Bps / 22Bps                    
 2                           1                           0Bps / 21Bps                           4.4.4.4                                 1                     0Bps / 21Bps                    
                                                                                                                                                                                              
                                                                                                                                                                                              
                                                                                                                                                                                              
                                                                                                                                                                                              
                                                                                                                                                                                              
                                                                                                                                                                                              
                                                                                                                                                                                              
                                                                                                                                                                                              
                                                                                                                                                                                              
                                                                                                                                                                                              
                                                                                                                                                                                              
                                                                                                                                                                                              
                                                                                                                                                                                              
                                                                                                                                                                                              
                                                                                                                                                                                              
                                                                                                                                                                                              
                                                                                                                                                                                              
                                                                                                                                                                                              
                                                                                                                                                                                              
                                                                                                                                                                                              
 <interface_name>:4435 => 3.3.3.3:1337 (tcp)                                                                           5                             0Bps / 28Bps                             
 <interface_name>:4434 => 2.2.2.2:54321 (tcp)                                                                          4                             0Bps / 26Bps                             
 <interface_name>:443 => 1.1.1.1:12345 (tcp)                                                                           1                             0Bps / 22Bps                             
 <interface_name>:4432 => 4.4.4.4:1337 (tcp)                                                                           2                             0Bps / 21Bps                             
                                                                                                                                                                                              
                                                                                                                                                                                              
                                                                                                                                                                                              
                                                                                                                                                                                              
                                                                                                                                                                                              
                                                                                                                                                                                              
                                                                                                                                                                                              
                                                                                                                                                                                              
                                                                                                                                                                                              
                                                                                                                                                                                              
                                                                                                                                                                                              
                                                                                                                                                                                              
                                                                                                                                                                                              
                                                                                                                                                                                              
                                                                                                                                                                                              
                                                                                                                                                                                              
                                                                                                                                                                                              
                                                                                                                                                                                              
                                                                                                                                                                                              

