---
source: src/tests/cases/raw_mode.rs
expression: formatted
---
Refreshing:
<NO TRAFFIC>

Refreshing:
process: <TIMESTAMP_REMOVED> "1" up/down Bps: 0/22 connections: 1
process: <TIMESTAMP_REMOVED> "4" up/down Bps: 0/19 connections: 1
connection: <TIMESTAMP_REMOVED> <interface_name>:443 => 2.2.2.2:12345 (tcp) up/down Bps: 0/22 process: "1"
connection: <TIMESTAMP_REMOVED> <interface_name>:4434 => 2.2.2.2:54321 (tcp) up/down Bps: 0/19 process: "4"
remote_address: <TIMESTAMP_REMOVED> 2.2.2.2 up/down Bps: 0/41 connections: 2


