---
source: src/tests/cases/raw_mode.rs
expression: formatted
---
process: <TIMESTAMP_REMOVED> "1" up/down Bps: 0/44 connections: 1
process: <TIMESTAMP_REMOVED> "2" up/down Bps: 0/42 connections: 1
process: <TIMESTAMP_REMOVED> "4" up/down Bps: 0/53 connections: 1
process: <TIMESTAMP_REMOVED> "5" up/down Bps: 0/45 connections: 1
connection: <TIMESTAMP_REMOVED> :443 => 1.1.1.1:12345 (tcp) up/down Bps: 0/44 process: "1"
connection: <TIMESTAMP_REMOVED> :443 => 2.2.2.2:54321 (tcp) up/down Bps: 0/53 process: "4"
connection: <TIMESTAMP_REMOVED> :443 => 3.3.3.3:1337 (tcp) up/down Bps: 0/45 process: "5"
connection: <TIMESTAMP_REMOVED> :443 => 4.4.4.4:1337 (tcp) up/down Bps: 0/42 process: "2"
remote_address: <TIMESTAMP_REMOVED> 1.1.1.1 up/down Bps: 0/44 connections: 1
remote_address: <TIMESTAMP_REMOVED> 2.2.2.2 up/down Bps: 0/53 connections: 1
remote_address: <TIMESTAMP_REMOVED> 3.3.3.3 up/down Bps: 0/45 connections: 1
remote_address: <TIMESTAMP_REMOVED> 4.4.4.4 up/down Bps: 0/42 connections: 1

