---
source: src/tests/cases/raw_mode.rs
expression: formatted
---
process: <TIMESTAMP_REMOVED> "1" up/down Bps: 57/61 connections: 1
process: <TIMESTAMP_REMOVED> "5" up/down Bps: 34/37 connections: 1
connection: <TIMESTAMP_REMOVED> :443 => one.one.one.one:12345 (tcp) up/down Bps: 57/61 process: "1"
connection: <TIMESTAMP_REMOVED> :443 => three.three.three.three:1337 (tcp) up/down Bps: 34/37 process: "5"
remote_address: <TIMESTAMP_REMOVED> one.one.one.one up/down Bps: 57/61 connections: 1
remote_address: <TIMESTAMP_REMOVED> three.three.three.three up/down Bps: 34/37 connections: 1
process: <TIMESTAMP_REMOVED> "1" up/down Bps: 37/36 connections: 1
process: <TIMESTAMP_REMOVED> "5" up/down Bps: 32/46 connections: 1
connection: <TIMESTAMP_REMOVED> :443 => one.one.one.one:12345 (tcp) up/down Bps: 37/36 process: "1"
connection: <TIMESTAMP_REMOVED> :443 => three.three.three.three:1337 (tcp) up/down Bps: 32/46 process: "5"
remote_address: <TIMESTAMP_REMOVED> one.one.one.one up/down Bps: 37/36 connections: 1
remote_address: <TIMESTAMP_REMOVED> three.three.three.three up/down Bps: 32/46 connections: 1

