---
source: src/tests/mod.rs
expression: "&terminal_draw_events_mirror[1]"
---
                          104Bps                                                                                                                     
                                                                                                                                                     
                                                                                                                                                     
                                                                                                                                                     
 :443 => 2.2.2.2:54321 (tcp)                         4                     0Bps/33Bps                                                                
 :443 => 3.3.3.3:1337 (tcp)                          5                     0Bps/25Bps                                                                
 :443 => 1.1.1.1:12345 (tcp)                         1                     0Bps/24Bps                                                                
 :443 => 4.4.4.4:1337 (tcp)                          2                     0Bps/22Bps                                                                
                                                                                                                                                     
                                                                                                                                                     
                                                                                                                                                     
                                                                                                                                                     
                                                                                                                                                     
                                                                                                                                                     
                                                                                                                                                     
                                                                                                                                                     
                                                                                                                                                     
                                                                                                                                                     
                                                                                                                                                     
                                                                                                                                                     
                                                                                                                                                     
                                                                                                                                                     
                                                                                                                                                     
                                                                                                                                                     
                                                                                                                                                     
                                                                                                                                                     
                                                                                                                                                     
                                                                                                                                                     
 4                                         0Bps/33Bps                      2.2.2.2                                   0Bps/33Bps                      
 5                                         0Bps/25Bps                      3.3.3.3                                   0Bps/25Bps                      
 1                                         0Bps/24Bps                      1.1.1.1                                   0Bps/24Bps                      
 2                                         0Bps/22Bps                      4.4.4.4                                   0Bps/22Bps                      
                                                                                                                                                     
                                                                                                                                                     
                                                                                                                                                     
                                                                                                                                                     
                                                                                                                                                     
                                                                                                                                                     
                                                                                                                                                     
                                                                                                                                                     
                                                                                                                                                     
                                                                                                                                                     
                                                                                                                                                     
                                                                                                                                                     
                                                                                                                                                     
                                                                                                                                                     
                                                                                                                                                     
                                                                                                                                                     
                                                                                                                                                     
                                                                                                                                                     

